Initialized native services in: /Users/adam.coles/.gradle/native
Initialized jansi services in: /Users/adam.coles/.gradle/native
The client will now receive all logging from the daemon (pid: 44081). The daemon log file: /Users/adam.coles/.gradle/daemon/9.4.1/daemon-44081.out.log
Starting 23rd build in daemon [uptime: 1 hrs 12 mins 0.061 secs, performance: 100%, GC rate: 0.00/s, heap usage: 2% of 512 MiB, non-heap usage: 40% of 384 MiB]
Using 14 worker leases.
Operational build model parameters: {cachingModelBuilding=false, configurationCache=false, configurationCacheDisabledReason=null, configurationCacheParallelLoad=false, configurationCacheParallelStore=false, configureOnDemand=false, invalidateCoupledProjects=false, isolatedProjects=false, modelAsProjectDependency=false, modelBuilding=false, parallelModelBuilding=false, parallelProjectConfiguration=false, parallelProjectExecution=false, resilientModelBuilding=false}
Now considering [/Users/adam.coles/laa-workspace/laa-claim-for-payment] as hierarchies to watch
Watching the file system is configured to be enabled if available
File system watching is active
Starting Build
Settings evaluated using settings file '/Users/adam.coles/laa-workspace/laa-claim-for-payment/settings.gradle'.
Projects loaded. Root project using build file '/Users/adam.coles/laa-workspace/laa-claim-for-payment/build.gradle'.
Included projects: [root project 'laa-claim-for-payment', project ':claim-for-payment-service']

> Configure project :
Evaluating root project 'laa-claim-for-payment' using build file '/Users/adam.coles/laa-workspace/laa-claim-for-payment/build.gradle'.

> Configure project :claim-for-payment-service
Evaluating project ':claim-for-payment-service' using build file '/Users/adam.coles/laa-workspace/laa-claim-for-payment/claim-for-payment-service/build.gradle'.
Resolved plugin [id: 'io.freefair.lombok', version: '9.2.0']
Resolved plugin [id: 'uk.gov.laa.springboot.laa-spring-boot-gradle-plugin', version: '2.2.6']
Resolved plugin [id: 'org.openapi.generator', version: '7.20.0']
Resolved plugin [id: 'org.springdoc.openapi-gradle-plugin', version: '1.9.0']
Applying dependency management to configuration 'annotationProcessor' in project 'claim-for-payment-service'
Applying dependency management to configuration 'apiElements' in project 'claim-for-payment-service'
Applying dependency management to configuration 'archives' in project 'claim-for-payment-service'
Applying dependency management to configuration 'bootArchives' in project 'claim-for-payment-service'
Applying dependency management to configuration 'checkstyle' in project 'claim-for-payment-service'
Applying dependency management to configuration 'compileClasspath' in project 'claim-for-payment-service'
Applying dependency management to configuration 'compileOnly' in project 'claim-for-payment-service'
Applying dependency management to configuration 'coverageDataElementsForTest' in project 'claim-for-payment-service'
Applying dependency management to configuration 'default' in project 'claim-for-payment-service'
Applying dependency management to configuration 'developmentOnly' in project 'claim-for-payment-service'
Applying dependency management to configuration 'implementation' in project 'claim-for-payment-service'
Applying dependency management to configuration 'integrationTestAnnotationProcessor' in project 'claim-for-payment-service'
Applying dependency management to configuration 'integrationTestCompileClasspath' in project 'claim-for-payment-service'
Applying dependency management to configuration 'integrationTestCompileOnly' in project 'claim-for-payment-service'
Applying dependency management to configuration 'integrationTestImplementation' in project 'claim-for-payment-service'
Applying dependency management to configuration 'integrationTestRuntimeClasspath' in project 'claim-for-payment-service'
Applying dependency management to configuration 'integrationTestRuntimeOnly' in project 'claim-for-payment-service'
Applying dependency management to configuration 'jacocoAgent' in project 'claim-for-payment-service'
Applying dependency management to configuration 'jacocoAnt' in project 'claim-for-payment-service'
Applying dependency management to configuration 'lombok' in project 'claim-for-payment-service'
Applying dependency management to configuration 'mainSourceElements' in project 'claim-for-payment-service'
Applying dependency management to configuration 'productionRuntimeClasspath' in project 'claim-for-payment-service'
Applying dependency management to configuration 'runtimeClasspath' in project 'claim-for-payment-service'
Applying dependency management to configuration 'runtimeElements' in project 'claim-for-payment-service'
Applying dependency management to configuration 'runtimeOnly' in project 'claim-for-payment-service'
Applying dependency management to configuration 'testAndDevelopmentOnly' in project 'claim-for-payment-service'
Applying dependency management to configuration 'testAnnotationProcessor' in project 'claim-for-payment-service'
Applying dependency management to configuration 'testCompileClasspath' in project 'claim-for-payment-service'
Applying dependency management to configuration 'testCompileOnly' in project 'claim-for-payment-service'
Applying dependency management to configuration 'testImplementation' in project 'claim-for-payment-service'
Applying dependency management to configuration 'testResultsElementsForTest' in project 'claim-for-payment-service'
Applying dependency management to configuration 'testRuntimeClasspath' in project 'claim-for-payment-service'
Applying dependency management to configuration 'testRuntimeOnly' in project 'claim-for-payment-service'
Adding forkedSpringBootStop as a finalizing task to generateOpenApiDocs
Adding lombok-mapstruct-binding for source set main because org.mapstruct:mapstruct-processor:1.6.3 was found
All projects evaluated.
Task name matched 'integrationTest'
Selected primary task 'integrationTest' from project :
Starting process 'command '/usr/libexec/java_home''. Working directory: /Users/adam.coles/.gradle/daemon/9.4.1 Command: /usr/libexec/java_home -V
Successfully started process 'command '/usr/libexec/java_home''
Java Toolchain auto-detection failed to find local MacOS system JVMs
Resolving global dependency management for project 'claim-for-payment-service'
Excluding [javax.validation:validation-api]
Excluding []
Excluding []
Excluding []
Excluding []
Excluding []
Excluding []
Excluding [javax.validation:validation-api]
Excluding []
Excluding [javax.validation:validation-api]
Tasks to be executed: [task ':claim-for-payment-service:bootBuildInfo', task ':claim-for-payment-service:cleanCivilClaimsApi', task ':claim-for-payment-service:generateCivilClaimsApi', task ':claim-for-payment-service:generateEffectiveLombokConfig', task ':claim-for-payment-service:compileJava', task ':claim-for-payment-service:processResources', task ':claim-for-payment-service:classes', task ':claim-for-payment-service:generateTestEffectiveLombokConfig', task ':claim-for-payment-service:compileTestJava', task ':claim-for-payment-service:generateIntegrationTestEffectiveLombokConfig', task ':claim-for-payment-service:processTestResources', task ':claim-for-payment-service:testClasses', task ':claim-for-payment-service:compileIntegrationTestJava', task ':claim-for-payment-service:processIntegrationTestResources', task ':claim-for-payment-service:integrationTestClasses', task ':claim-for-payment-service:integrationTest']
Tasks that were excluded: []
Resolve mutations for :claim-for-payment-service:bootBuildInfo (Thread[#1382,Execution worker,5,main]) started.
:claim-for-payment-service:bootBuildInfo (Thread[#1382,Execution worker,5,main]) started.

> Task :claim-for-payment-service:bootBuildInfo
Caching disabled for task ':claim-for-payment-service:bootBuildInfo' because:
  Build cache is disabled
  Not worth caching
Task ':claim-for-payment-service:bootBuildInfo' is not up-to-date because:
  Value of input property 'properties.timeIfNotExcluded' has changed for task ':claim-for-payment-service:bootBuildInfo'
Resolve mutations for :claim-for-payment-service:cleanCivilClaimsApi (Thread[#1382,Execution worker,5,main]) started.
:claim-for-payment-service:cleanCivilClaimsApi (Thread[#1382,Execution worker,5,main]) started.

> Task :claim-for-payment-service:cleanCivilClaimsApi
Caching disabled for task ':claim-for-payment-service:cleanCivilClaimsApi' because:
  Build cache is disabled
Task ':claim-for-payment-service:cleanCivilClaimsApi' is not up-to-date because:
  Task has not declared any outputs despite executing actions.
Resolve mutations for :claim-for-payment-service:generateCivilClaimsApi (Thread[#1382,Execution worker,5,main]) started.
:claim-for-payment-service:generateCivilClaimsApi (Thread[#1382,Execution worker,5,main]) started.

> Task :claim-for-payment-service:generateCivilClaimsApi
Caching disabled for task ':claim-for-payment-service:generateCivilClaimsApi' because:
  Build cache is disabled
Task ':claim-for-payment-service:generateCivilClaimsApi' is not up-to-date because:
  Output property '$1' file /Users/adam.coles/laa-workspace/laa-claim-for-payment/claim-for-payment-service/generated has been removed.
  Output property '$1' file /Users/adam.coles/laa-workspace/laa-claim-for-payment/claim-for-payment-service/generated/.github has been removed.
  Output property '$1' file /Users/adam.coles/laa-workspace/laa-claim-for-payment/claim-for-payment-service/generated/.github/workflows has been removed.
  and more...
OpenAPI 3.1 support is still in beta. To report an issue related to 3.1 spec, please kindly open an issue in the Github repo: https://github.com/openAPITools/openapi-generator.
Generating with dryRun=false
No .openapi-generator-ignore file found.
OpenAPI Generator: java (client)
Generator 'java' is considered stable.
Environment variable JAVA_POST_PROCESS_FILE not defined so the Java code may not be properly formatted. To define it, try 'export JAVA_POST_PROCESS_FILE="/usr/local/bin/clang-format -i"' (Linux/Mac)
NOTE: To enable file post-processing, 'enablePostProcessFile' must be set to `true` (--enable-post-process-file for CLI).
Processing operation updateClaim
Processing operation getClaims
Processing operation createClaim
Processing operation addEvidenceToLineItem
Processing operation addLineItemToClaim
Processing operation addEvidenceToClaim
Processing operation getClaim
Processing operation deleteClaim
OpenAPI 3.1 support is still in beta. To report an issue related to 3.1 spec, please kindly open an issue in the Github repo: https://github.com/openAPITools/openapi-generator.
writing file /Users/adam.coles/laa-workspace/laa-claim-for-payment/claim-for-payment-service/generated/src/main/java/uk/gov/justice/laa/claimforpayment/civilclaims/model/CivilAddClaimEvidenceResponse.java
writing file /Users/adam.coles/laa-workspace/laa-claim-for-payment/claim-for-payment-service/generated/docs/CivilAddClaimEvidenceResponse.md
writing file /Users/adam.coles/laa-workspace/laa-claim-for-payment/claim-for-payment-service/generated/src/main/java/uk/gov/justice/laa/claimforpayment/civilclaims/model/CivilAddLineItemResponse.java
writing file /Users/adam.coles/laa-workspace/laa-claim-for-payment/claim-for-payment-service/generated/docs/CivilAddLineItemResponse.md
writing file /Users/adam.coles/laa-workspace/laa-claim-for-payment/claim-for-payment-service/generated/src/main/java/uk/gov/justice/laa/claimforpayment/civilclaims/model/CivilClaim.java
writing file /Users/adam.coles/laa-workspace/laa-claim-for-payment/claim-for-payment-service/generated/docs/CivilClaim.md
writing file /Users/adam.coles/laa-workspace/laa-claim-for-payment/claim-for-payment-service/generated/src/main/java/uk/gov/justice/laa/claimforpayment/civilclaims/model/CivilClaimEvidence.java
writing file /Users/adam.coles/laa-workspace/laa-claim-for-payment/claim-for-payment-service/generated/docs/CivilClaimEvidence.md
writing file /Users/adam.coles/laa-workspace/laa-claim-for-payment/claim-for-payment-service/generated/src/main/java/uk/gov/justice/laa/claimforpayment/civilclaims/model/CivilClaimEvidenceRequestBody.java
writing file /Users/adam.coles/laa-workspace/laa-claim-for-payment/claim-for-payment-service/generated/docs/CivilClaimEvidenceRequestBody.md
writing file /Users/adam.coles/laa-workspace/laa-claim-for-payment/claim-for-payment-service/generated/src/main/java/uk/gov/justice/laa/claimforpayment/civilclaims/model/CivilClaimPageResponse.java
writing file /Users/adam.coles/laa-workspace/laa-claim-for-payment/claim-for-payment-service/generated/docs/CivilClaimPageResponse.md
writing file /Users/adam.coles/laa-workspace/laa-claim-for-payment/claim-for-payment-service/generated/src/main/java/uk/gov/justice/laa/claimforpayment/civilclaims/model/CivilClaimRequestBody.java
writing file /Users/adam.coles/laa-workspace/laa-claim-for-payment/claim-for-payment-service/generated/docs/CivilClaimRequestBody.md
writing file /Users/adam.coles/laa-workspace/laa-claim-for-payment/claim-for-payment-service/generated/src/main/java/uk/gov/justice/laa/claimforpayment/civilclaims/model/CivilCreateClaimResponse.java
writing file /Users/adam.coles/laa-workspace/laa-claim-for-payment/claim-for-payment-service/generated/docs/CivilCreateClaimResponse.md
writing file /Users/adam.coles/laa-workspace/laa-claim-for-payment/claim-for-payment-service/generated/src/main/java/uk/gov/justice/laa/claimforpayment/civilclaims/model/CivilLineItem.java
writing file /Users/adam.coles/laa-workspace/laa-claim-for-payment/claim-for-payment-service/generated/docs/CivilLineItem.md
writing file /Users/adam.coles/laa-workspace/laa-claim-for-payment/claim-for-payment-service/generated/src/main/java/uk/gov/justice/laa/claimforpayment/civilclaims/model/CivilLineItemRequestBody.java
writing file /Users/adam.coles/laa-workspace/laa-claim-for-payment/claim-for-payment-service/generated/docs/CivilLineItemRequestBody.md
writing file /Users/adam.coles/laa-workspace/laa-claim-for-payment/claim-for-payment-service/generated/src/main/java/uk/gov/justice/laa/claimforpayment/civilclaims/api/CivilClaimsApi.java
Skipped /Users/adam.coles/laa-workspace/laa-claim-for-payment/claim-for-payment-service/generated/src/test/java/uk/gov/justice/laa/claimforpayment/civilclaims/api/CivilClaimsApiTest.java (Skipped by apiTests options supplied by user.)
writing file /Users/adam.coles/laa-workspace/laa-claim-for-payment/claim-for-payment-service/generated/docs/CivilClaimsApi.md
writing file /Users/adam.coles/laa-workspace/laa-claim-for-payment/claim-for-payment-service/generated/pom.xml
writing file /Users/adam.coles/laa-workspace/laa-claim-for-payment/claim-for-payment-service/generated/README.md
writing file /Users/adam.coles/laa-workspace/laa-claim-for-payment/claim-for-payment-service/generated/build.gradle
writing file /Users/adam.coles/laa-workspace/laa-claim-for-payment/claim-for-payment-service/generated/build.sbt
writing file /Users/adam.coles/laa-workspace/laa-claim-for-payment/claim-for-payment-service/generated/settings.gradle
writing file /Users/adam.coles/laa-workspace/laa-claim-for-payment/claim-for-payment-service/generated/gradle.properties
writing file /Users/adam.coles/laa-workspace/laa-claim-for-payment/claim-for-payment-service/generated/src/main/AndroidManifest.xml
writing file /Users/adam.coles/laa-workspace/laa-claim-for-payment/claim-for-payment-service/generated/.travis.yml
writing file /Users/adam.coles/laa-workspace/laa-claim-for-payment/claim-for-payment-service/generated/src/main/java/uk/gov/justice/laa/claimforpayment/civilclaims/invoker/ApiClient.java
writing file /Users/adam.coles/laa-workspace/laa-claim-for-payment/claim-for-payment-service/generated/src/main/java/uk/gov/justice/laa/claimforpayment/civilclaims/invoker/ServerConfiguration.java
writing file /Users/adam.coles/laa-workspace/laa-claim-for-payment/claim-for-payment-service/generated/src/main/java/uk/gov/justice/laa/claimforpayment/civilclaims/invoker/ServerVariable.java
writing file /Users/adam.coles/laa-workspace/laa-claim-for-payment/claim-for-payment-service/generated/.github/workflows/maven.yml
writing file /Users/adam.coles/laa-workspace/laa-claim-for-payment/claim-for-payment-service/generated/api/openapi.yaml
writing file /Users/adam.coles/laa-workspace/laa-claim-for-payment/claim-for-payment-service/generated/src/main/java/uk/gov/justice/laa/claimforpayment/civilclaims/invoker/JavaTimeFormatter.java
writing file /Users/adam.coles/laa-workspace/laa-claim-for-payment/claim-for-payment-service/generated/src/main/java/uk/gov/justice/laa/claimforpayment/civilclaims/invoker/auth/HttpBasicAuth.java
writing file /Users/adam.coles/laa-workspace/laa-claim-for-payment/claim-for-payment-service/generated/src/main/java/uk/gov/justice/laa/claimforpayment/civilclaims/invoker/auth/HttpBearerAuth.java
writing file /Users/adam.coles/laa-workspace/laa-claim-for-payment/claim-for-payment-service/generated/src/main/java/uk/gov/justice/laa/claimforpayment/civilclaims/invoker/auth/ApiKeyAuth.java
writing file /Users/adam.coles/laa-workspace/laa-claim-for-payment/claim-for-payment-service/generated/gradlew
writing file /Users/adam.coles/laa-workspace/laa-claim-for-payment/claim-for-payment-service/generated/gradlew.bat
writing file /Users/adam.coles/laa-workspace/laa-claim-for-payment/claim-for-payment-service/generated/gradle/wrapper/gradle-wrapper.properties
writing file /Users/adam.coles/laa-workspace/laa-claim-for-payment/claim-for-payment-service/generated/gradle/wrapper/gradle-wrapper.jar
writing file /Users/adam.coles/laa-workspace/laa-claim-for-payment/claim-for-payment-service/generated/git_push.sh
writing file /Users/adam.coles/laa-workspace/laa-claim-for-payment/claim-for-payment-service/generated/.gitignore
writing file /Users/adam.coles/laa-workspace/laa-claim-for-payment/claim-for-payment-service/generated/src/main/java/uk/gov/justice/laa/claimforpayment/civilclaims/invoker/BaseApi.java
writing file /Users/adam.coles/laa-workspace/laa-claim-for-payment/claim-for-payment-service/generated/src/main/java/uk/gov/justice/laa/claimforpayment/civilclaims/invoker/auth/Authentication.java
writing file /Users/adam.coles/laa-workspace/laa-claim-for-payment/claim-for-payment-service/generated/src/main/java/uk/gov/justice/laa/claimforpayment/civilclaims/invoker/RFC3339DateFormat.java
writing file /Users/adam.coles/laa-workspace/laa-claim-for-payment/claim-for-payment-service/generated/src/main/java/uk/gov/justice/laa/claimforpayment/civilclaims/invoker/RFC3339InstantDeserializer.java
writing file /Users/adam.coles/laa-workspace/laa-claim-for-payment/claim-for-payment-service/generated/src/main/java/uk/gov/justice/laa/claimforpayment/civilclaims/invoker/RFC3339JavaTimeModule.java
writing file /Users/adam.coles/laa-workspace/laa-claim-for-payment/claim-for-payment-service/generated/.openapi-generator-ignore
writing file /Users/adam.coles/laa-workspace/laa-claim-for-payment/claim-for-payment-service/generated/.openapi-generator/VERSION
writing file /Users/adam.coles/laa-workspace/laa-claim-for-payment/claim-for-payment-service/generated/.openapi-generator/FILES
############################################################################################
# Thanks for using OpenAPI Generator.                                                      #
# We appreciate your support! Please consider donation to help us maintain this project.   #
# https://opencollective.com/openapi_generator/donate                                      #
############################################################################################
Successfully generated code to /Users/adam.coles/laa-workspace/laa-claim-for-payment/claim-for-payment-service/generated
Resolve mutations for :claim-for-payment-service:generateEffectiveLombokConfig (Thread[#1382,Execution worker,5,main]) started.
:claim-for-payment-service:generateEffectiveLombokConfig (Thread[#1382,Execution worker,5,main]) started.

> Task :claim-for-payment-service:generateEffectiveLombokConfig UP-TO-DATE
Custom actions are attached to task ':claim-for-payment-service:generateEffectiveLombokConfig'.
Caching disabled for task ':claim-for-payment-service:generateEffectiveLombokConfig' because:
  Build cache is disabled
Skipping task ':claim-for-payment-service:generateEffectiveLombokConfig' as it is up-to-date.
Resolve mutations for :claim-for-payment-service:compileJava (Thread[#1382,Execution worker,5,main]) started.
:claim-for-payment-service:compileJava (Thread[#1382,Execution worker,5,main]) started.

> Task :claim-for-payment-service:compileJava
Custom actions are attached to task ':claim-for-payment-service:compileJava'.
Caching disabled for task ':claim-for-payment-service:compileJava' because:
  Build cache is disabled
Task ':claim-for-payment-service:compileJava' is not up-to-date because:
  Input property 'stableSources' file /Users/adam.coles/laa-workspace/laa-claim-for-payment/claim-for-payment-service/generated/src/main/java/uk/gov/justice/laa/claimforpayment/civilclaims/api/CivilClaimsApi.java has changed.
  Input property 'stableSources' file /Users/adam.coles/laa-workspace/laa-claim-for-payment/claim-for-payment-service/generated/src/main/java/uk/gov/justice/laa/claimforpayment/civilclaims/invoker/ApiClient.java has changed.
  Input property 'stableSources' file /Users/adam.coles/laa-workspace/laa-claim-for-payment/claim-for-payment-service/generated/src/main/java/uk/gov/justice/laa/claimforpayment/civilclaims/invoker/BaseApi.java has changed.
  and more...
Compilation mode: in-process compilation
Created classpath snapshot for incremental compilation in 0.004 secs.
Compiling with toolchain '/opt/homebrew/Cellar/sdkman-cli/5.19.0/libexec/candidates/java/25.0.2-tem'.
Compiling with JDK Java compiler API.
Incremental compilation of 49 classes completed in 0.715 secs.
Class dependency analysis for incremental compilation took 0.137 secs.
Resolve mutations for :claim-for-payment-service:processResources (Thread[#1382,Execution worker,5,main]) started.
:claim-for-payment-service:processResources (Thread[#1382,Execution worker,5,main]) started.

> Task :claim-for-payment-service:processResources UP-TO-DATE
Caching disabled for task ':claim-for-payment-service:processResources' because:
  Build cache is disabled
  Not worth caching
Skipping task ':claim-for-payment-service:processResources' as it is up-to-date.
Resolve mutations for :claim-for-payment-service:classes (Thread[#1382,Execution worker,5,main]) started.
:claim-for-payment-service:classes (Thread[#1382,Execution worker,5,main]) started.

> Task :claim-for-payment-service:classes
Skipping task ':claim-for-payment-service:classes' as it has no actions.
Resolve mutations for :claim-for-payment-service:generateTestEffectiveLombokConfig (Thread[#1382,Execution worker,5,main]) started.
:claim-for-payment-service:generateTestEffectiveLombokConfig (Thread[#1382,Execution worker,5,main]) started.

> Task :claim-for-payment-service:generateTestEffectiveLombokConfig UP-TO-DATE
Custom actions are attached to task ':claim-for-payment-service:generateTestEffectiveLombokConfig'.
Caching disabled for task ':claim-for-payment-service:generateTestEffectiveLombokConfig' because:
  Build cache is disabled
Skipping task ':claim-for-payment-service:generateTestEffectiveLombokConfig' as it is up-to-date.
Resolve mutations for :claim-for-payment-service:compileTestJava (Thread[#1382,Execution worker,5,main]) started.
:claim-for-payment-service:compileTestJava (Thread[#1382,Execution worker,5,main]) started.

> Task :claim-for-payment-service:compileTestJava UP-TO-DATE
Custom actions are attached to task ':claim-for-payment-service:compileTestJava'.
Caching disabled for task ':claim-for-payment-service:compileTestJava' because:
  Build cache is disabled
Skipping task ':claim-for-payment-service:compileTestJava' as it is up-to-date.
No compile result for :claim-for-payment-service:compileTestJava
Resolve mutations for :claim-for-payment-service:generateIntegrationTestEffectiveLombokConfig (Thread[#1382,Execution worker,5,main]) started.
:claim-for-payment-service:generateIntegrationTestEffectiveLombokConfig (Thread[#1382,Execution worker,5,main]) started.

> Task :claim-for-payment-service:generateIntegrationTestEffectiveLombokConfig UP-TO-DATE
Custom actions are attached to task ':claim-for-payment-service:generateIntegrationTestEffectiveLombokConfig'.
Caching disabled for task ':claim-for-payment-service:generateIntegrationTestEffectiveLombokConfig' because:
  Build cache is disabled
Skipping task ':claim-for-payment-service:generateIntegrationTestEffectiveLombokConfig' as it is up-to-date.
Resolve mutations for :claim-for-payment-service:processTestResources (Thread[#1382,Execution worker,5,main]) started.
:claim-for-payment-service:processTestResources (Thread[#1382,Execution worker,5,main]) started.

> Task :claim-for-payment-service:processTestResources UP-TO-DATE
Caching disabled for task ':claim-for-payment-service:processTestResources' because:
  Build cache is disabled
  Not worth caching
Skipping task ':claim-for-payment-service:processTestResources' as it is up-to-date.
Resolve mutations for :claim-for-payment-service:testClasses (Thread[#1382,Execution worker,5,main]) started.
:claim-for-payment-service:testClasses (Thread[#1382,Execution worker,5,main]) started.

> Task :claim-for-payment-service:testClasses UP-TO-DATE
Skipping task ':claim-for-payment-service:testClasses' as it has no actions.
Resolve mutations for :claim-for-payment-service:compileIntegrationTestJava (Thread[#1382,Execution worker,5,main]) started.
:claim-for-payment-service:compileIntegrationTestJava (Thread[#1382,Execution worker,5,main]) started.

> Task :claim-for-payment-service:compileIntegrationTestJava UP-TO-DATE
Custom actions are attached to task ':claim-for-payment-service:compileIntegrationTestJava'.
Caching disabled for task ':claim-for-payment-service:compileIntegrationTestJava' because:
  Build cache is disabled
Skipping task ':claim-for-payment-service:compileIntegrationTestJava' as it is up-to-date.
No compile result for :claim-for-payment-service:compileIntegrationTestJava
Resolve mutations for :claim-for-payment-service:processIntegrationTestResources (Thread[#1382,Execution worker,5,main]) started.
:claim-for-payment-service:processIntegrationTestResources (Thread[#1382,Execution worker,5,main]) started.

> Task :claim-for-payment-service:processIntegrationTestResources UP-TO-DATE
Caching disabled for task ':claim-for-payment-service:processIntegrationTestResources' because:
  Build cache is disabled
  Not worth caching
Skipping task ':claim-for-payment-service:processIntegrationTestResources' as it is up-to-date.
Resolve mutations for :claim-for-payment-service:integrationTestClasses (Thread[#1382,Execution worker,5,main]) started.
:claim-for-payment-service:integrationTestClasses (Thread[#1382,Execution worker,5,main]) started.

> Task :claim-for-payment-service:integrationTestClasses UP-TO-DATE
Skipping task ':claim-for-payment-service:integrationTestClasses' as it has no actions.
Resolve mutations for :claim-for-payment-service:integrationTest (Thread[#1382,Execution worker,5,main]) started.
:claim-for-payment-service:integrationTest (Thread[#1382,Execution worker,5,main]) started.

> Task :claim-for-payment-service:integrationTest
Custom actions are attached to task ':claim-for-payment-service:integrationTest'.
Caching disabled for task ':claim-for-payment-service:integrationTest' because:
  Build cache is disabled
Task ':claim-for-payment-service:integrationTest' is not up-to-date because:
  Task has failed previously.

Starting process 'Gradle Test Executor 18'. Working directory: /Users/adam.coles/laa-workspace/laa-claim-for-payment/claim-for-payment-service Command: /opt/homebrew/Cellar/sdkman-cli/5.19.0/libexec/candidates/java/25.0.2-tem/bin/java -Dorg.gradle.internal.worker.tmpdir=/Users/adam.coles/laa-workspace/laa-claim-for-payment/claim-for-payment-service/build/tmp/integrationTest/work -javaagent:/Users/adam.coles/laa-workspace/laa-claim-for-payment/claim-for-payment-service/build/tmp/.cache/expanded/zip_27729b840c216bdc69a9315e04b27ab1/jacocoagent.jar=destfile=build/jacoco/integrationTest.exec,append=true,inclnolocationclasses=false,dumponexit=true,output=file,jmx=false @/Users/adam.coles/.gradle/.tmp/gradle-worker-classpath6453053389354248391txt -Xmx512m -Dfile.encoding=UTF-8 -Duser.country=GB -Duser.language=en -Duser.variant -ea worker.org.gradle.process.internal.worker.GradleWorkerMain 'Gradle Test Executor 18'
Successfully started process 'Gradle Test Executor 18'

Gradle Test Executor 18 started executing tests.

> Task :claim-for-payment-service:integrationTest

ClaimControllerIntegrationTest STANDARD_OUT

      .   ____          _            __ _ _
     /\\ / ___'_ __ _ _(_)_ __  __ _ \ \ \ \
    ( ( )\___ | '_ | '_| | '_ \/ _` | \ \ \ \
     \\/  ___)| |_)| | | | | || (_| |  ) ) ) )
      '  |____| .__|_| |_|_| |_\__, | / / / /
     =========|_|==============|___/=/_/_/_/

     :: Spring Boot ::                (v4.0.6)

    2026-05-15T15:53:35.505+01:00  INFO 73021 --- [LAA Claim for Payment] [    Test worker] org.wiremock.spring.internal.Store       : Resolving store from context: LAA Claim for Payment
    2026-05-15T15:53:35.519+01:00  INFO 73021 --- [LAA Claim for Payment] [    Test worker] reMockServerCreator civil-claims-service : Serving WireMock mappings from classpath resource: wiremock/civil-claims-service
    2026-05-15T15:53:35.520+01:00  INFO 73021 --- [LAA Claim for Payment] [    Test worker] reMockServerCreator civil-claims-service : Configuring WireMockServer with name 'civil-claims-service' on HTTP port: 0 and HTTPS port: -1
    2026-05-15T15:53:36.136+01:00  INFO 73021 --- [LAA Claim for Payment] [    Test worker] WireMock.civil-claims-service            : Using HTTP server impl: Jetty12HttpServer
    2026-05-15T15:53:36.138+01:00  INFO 73021 --- [LAA Claim for Payment] [    Test worker] org.eclipse.jetty.server.Server          : jetty-12.1.8; built: 2026-04-01T01:09:18.991Z; git: c9cdc9aaa434a3665b8a53b4d1cc3684992da649; jvm 25.0.2+10-LTS
    2026-05-15T15:53:36.151+01:00  INFO 73021 --- [LAA Claim for Payment] [    Test worker] o.e.jetty.server.handler.ContextHandler  : Started oeje10s.ServletContextHandler@3096a890{/__admin,/__admin,b=null,a=AVAILABLE,h=oeje10s.ServletHandler@569b57c4{STARTED}}
    2026-05-15T15:53:36.152+01:00  WARN 73021 --- [LAA Claim for Payment] [    Test worker] o.eclipse.jetty.util.DeprecationWarning  : Using @Deprecated Class org.eclipse.jetty.ee10.servlets.CrossOriginFilter
    2026-05-15T15:53:36.153+01:00  INFO 73021 --- [LAA Claim for Payment] [    Test worker] o.e.j.e.servlet.ServletContextHandler    : Started oeje10s.ServletContextHandler@3096a890{/__admin,/__admin,b=null,a=AVAILABLE,h=oeje10s.ServletHandler@569b57c4{STARTED}}
    2026-05-15T15:53:36.154+01:00  INFO 73021 --- [LAA Claim for Payment] [    Test worker] o.e.jetty.server.handler.ContextHandler  : Started oeje10s.ServletContextHandler@5df9d890{ROOT,/,b=null,a=AVAILABLE,h=oeje10s.ServletHandler@6b3b9a19{STARTED}}
    2026-05-15T15:53:36.156+01:00  INFO 73021 --- [LAA Claim for Payment] [    Test worker] o.e.j.s.handler.ContextHandler.ROOT      : RequestHandlerClass from context returned com.github.tomakehurst.wiremock.http.StubRequestHandler. Normalized mapped under returned 'null'
    2026-05-15T15:53:36.156+01:00  INFO 73021 --- [LAA Claim for Payment] [    Test worker] o.e.j.e.servlet.ServletContextHandler    : Started oeje10s.ServletContextHandler@5df9d890{ROOT,/,b=null,a=AVAILABLE,h=oeje10s.ServletHandler@6b3b9a19{STARTED}}
    2026-05-15T15:53:36.161+01:00  INFO 73021 --- [LAA Claim for Payment] [    Test worker] o.e.jetty.server.AbstractConnector       : Started oejs.NetworkTrafficServerConnector@173e960b{HTTP/1.1, (http/1.1, h2c)}{0.0.0.0:52878}
    2026-05-15T15:53:36.162+01:00  INFO 73021 --- [LAA Claim for Payment] [    Test worker] org.eclipse.jetty.server.Server          : Started oejs.Server@355c2b72{STARTING}[12.1.8,sto=1000] @24ms
    2026-05-15T15:53:36.162+01:00  INFO 73021 --- [LAA Claim for Payment] [    Test worker] reMockServerCreator civil-claims-service : Started WireMockServer with name 'civil-claims-service':http://localhost:52878
    2026-05-15T15:53:36.162+01:00  INFO 73021 --- [LAA Claim for Payment] [    Test worker] org.wiremock.spring.internal.Store       : Resolving store from context: LAA Claim for Payment
    2026-05-15T15:53:36.162+01:00  INFO 73021 --- [LAA Claim for Payment] [    Test worker] reMockServerCreator civil-claims-service : Adding property 'civilclaims.api.base-url=http://localhost:52878' with HTTP base URL to Spring application context
    2026-05-15T15:53:36.163+01:00  INFO 73021 --- [LAA Claim for Payment] [    Test worker] reMockServerCreator civil-claims-service : Adding property 'wiremock.server.port=52878' with HTTP port to Spring application context
    2026-05-15T15:53:36.177+01:00  INFO 73021 --- [LAA Claim for Payment] [    Test worker] g.j.l.c.c.ClaimControllerIntegrationTest : Starting ClaimControllerIntegrationTest using Java 25.0.2 with PID 73021 (started by adam.coles in /Users/adam.coles/laa-workspace/laa-claim-for-payment/claim-for-payment-service)
    2026-05-15T15:53:36.177+01:00  INFO 73021 --- [LAA Claim for Payment] [    Test worker] g.j.l.c.c.ClaimControllerIntegrationTest : The following 1 profile is active: "test"

ClaimControllerIntegrationTest STANDARD_ERROR
    Mockito is currently self-attaching to enable the inline-mock-maker. This will no longer work in future releases of the JDK. Please add Mockito as an agent to your build as described in Mockito's documentation: https://javadoc.io/doc/org.mockito/mockito-core/latest/org.mockito/org/mockito/Mockito.html#0.3
    WARNING: A Java agent has been loaded dynamically (/Users/adam.coles/.gradle/caches/modules-2/files-2.1/net.bytebuddy/byte-buddy-agent/1.17.8/f09415827a71be7ed621c7bd02550678f28bc81c/byte-buddy-agent-1.17.8.jar)
    WARNING: If a serviceability tool is in use, please run with -XX:+EnableDynamicAgentLoading to hide this warning
    WARNING: If a serviceability tool is not in use, please run with -Djdk.instrument.traceUsage for more information
    WARNING: Dynamic loading of agents will be disallowed by default in a future release

OpenJDK 64-Bit Server VM warning: Sharing is only supported for boot loader classes because bootstrap classpath has been appended
Gradle Test Executor 18 finished executing tests.
2026-05-15T15:53:38.893+01:00  INFO 73021 --- [LAA Claim for Payment] [ionShutdownHook] reMockServerCreator civil-claims-service : Stopping WireMockServer with name 'civil-claims-service'
2026-05-15T15:53:38.897+01:00  INFO 73021 --- [LAA Claim for Payment] [ionShutdownHook] org.eclipse.jetty.server.Server          : Stopped oejs.Server@355c2b72{STOPPING}[12.1.8,sto=1000]

> Task :claim-for-payment-service:integrationTest

ClaimControllerIntegrationTest STANDARD_OUT
    2026-05-15T15:53:37.481+01:00  INFO 73021 --- [LAA Claim for Payment] [    Test worker] o.s.boot.tomcat.TomcatWebServer          : Tomcat initialized with port 0 (http)
    2026-05-15T15:53:37.495+01:00  INFO 73021 --- [LAA Claim for Payment] [    Test worker] o.apache.catalina.core.StandardService   : Starting service [Tomcat]
    2026-05-15T15:53:37.495+01:00  INFO 73021 --- [LAA Claim for Payment] [    Test worker] o.apache.catalina.core.StandardEngine    : Starting Servlet engine: [Apache Tomcat/11.0.22]
    2026-05-15T15:53:37.530+01:00  INFO 73021 --- [LAA Claim for Payment] [    Test worker] b.w.c.s.WebApplicationContextInitializer : Root WebApplicationContext: initialization completed in 1344 ms
    2026-05-15T15:53:37.995+01:00  INFO 73021 --- [LAA Claim for Payment] [    Test worker] u.g.j.l.c.security.SecurityConfig        : USING REAL SECURITY CONFIG
    2026-05-15T15:53:38.382+01:00  INFO 73021 --- [LAA Claim for Payment] [    Test worker] o.a.c.c.C.[Tomcat].[localhost].[/]       : Initializing Spring TestDispatcherServlet ''
    2026-05-15T15:53:38.382+01:00  INFO 73021 --- [LAA Claim for Payment] [    Test worker] o.s.t.web.servlet.TestDispatcherServlet  : Initializing Servlet ''
    2026-05-15T15:53:38.391+01:00  INFO 73021 --- [LAA Claim for Payment] [    Test worker] o.s.t.web.servlet.TestDispatcherServlet  : Completed initialization in 9 ms
    2026-05-15T15:53:38.424+01:00  INFO 73021 --- [LAA Claim for Payment] [    Test worker] o.s.boot.tomcat.TomcatWebServer          : Tomcat started on port 52882 (http) with context path '/'
    2026-05-15T15:53:38.461+01:00  INFO 73021 --- [LAA Claim for Payment] [    Test worker] o.s.boot.tomcat.TomcatWebServer          : Tomcat initialized with port 0 (http)
    2026-05-15T15:53:38.461+01:00  INFO 73021 --- [LAA Claim for Payment] [    Test worker] o.apache.catalina.core.StandardService   : Starting service [Tomcat]
    2026-05-15T15:53:38.461+01:00  INFO 73021 --- [LAA Claim for Payment] [    Test worker] o.apache.catalina.core.StandardEngine    : Starting Servlet engine: [Apache Tomcat/11.0.22]
    2026-05-15T15:53:38.471+01:00  INFO 73021 --- [LAA Claim for Payment] [    Test worker] b.w.c.s.WebApplicationContextInitializer : Root WebApplicationContext: initialization completed in 45 ms
    2026-05-15T15:53:38.480+01:00  INFO 73021 --- [LAA Claim for Payment] [    Test worker] o.s.b.a.e.web.EndpointLinksResolver      : Exposing 3 endpoints beneath base path '/actuator'
    2026-05-15T15:53:38.501+01:00  INFO 73021 --- [LAA Claim for Payment] [    Test worker] o.s.boot.tomcat.TomcatWebServer          : Tomcat started on port 52883 (http) with context path '/'
    2026-05-15T15:53:38.506+01:00  INFO 73021 --- [LAA Claim for Payment] [    Test worker] g.j.l.c.c.ClaimControllerIntegrationTest : Started ClaimControllerIntegrationTest in 3.2 seconds (process running for 9.016)
    2026-05-15T15:53:38.509+01:00  WARN 73021 --- [LAA Claim for Payment] [    Test worker] o.s.core.events.SpringDocAppInitializer  : SpringDoc /v3/api-docs endpoint is enabled by default. To disable it in production, set the property 'springdoc.api-docs.enabled=false'
    2026-05-15T15:53:38.510+01:00  WARN 73021 --- [LAA Claim for Payment] [    Test worker] o.s.core.events.SpringDocAppInitializer  : SpringDoc /swagger-ui.html endpoint is enabled by default. To disable it in production, set the property 'springdoc.swagger-ui.enabled=false'

ClaimControllerIntegrationTest > shouldAddEvidenceToClaim() STANDARD_OUT
    2026-05-15T15:53:38.517+01:00  INFO 73021 --- [LAA Claim for Payment] [    Test worker] org.wiremock.spring.internal.Store       : Resolving store from context: LAA Claim for Payment
    2026-05-15T15:53:38.521+01:00  INFO 73021 --- [LAA Claim for Payment] [    Test worker] org.wiremock.spring.internal.Store       : Resolving store from context: LAA Claim for Payment
    2026-05-15T15:53:38.521+01:00  INFO 73021 --- [LAA Claim for Payment] [    Test worker] org.wiremock.spring.internal.Store       : Resolving store from context: LAA Claim for Payment
    2026-05-15T15:53:38.521+01:00  INFO 73021 --- [LAA Claim for Payment] [    Test worker] o.w.s.i.WireMockSpringJunitExtension     : Configuring WireMock for default instance, 'civil-claims-service' on '52878'.
    WireMock Server URL: http://localhost:52878

    MockHttpServletRequest:
          HTTP Method = POST
          Request URI = /api/v1/claims/1/upload-evidence
           Parameters = {}
              Headers = [Content-Type:"multipart/form-data;charset=UTF-8"]
                 Body = null
        Session Attrs = {}

    Handler:
                 Type = uk.gov.justice.laa.claimforpayment.controller.ClaimController
               Method = uk.gov.justice.laa.claimforpayment.controller.ClaimController#uploadClaimEvidence(Long, MultipartFile)

    Async:
        Async started = false
         Async result = null

    Resolved Exception:
                 Type = null

    ModelAndView:
            View name = null
                 View = null
                Model = null

    FlashMap:
           Attributes = null

    MockHttpServletResponse:
               Status = 400
        Error message = null
              Headers = [Content-Type:"application/json", X-Content-Type-Options:"nosniff", X-XSS-Protection:"0", Cache-Control:"no-cache, no-store, max-age=0, must-revalidate", Pragma:"no-cache", Expires:"0", X-Frame-Options:"DENY"]
         Content type = application/json
                 Body = {"error":{"message":"Failed to upload file: Upstream timeout"},"file":{"filename":"file1.pdf","originalname":"file1.pdf"}}
        Forwarded URL = null
       Redirected URL = null
              Cookies = []

    MockHttpServletRequest:
          HTTP Method = POST
          Request URI = /api/v1/claims/1/upload-evidence
           Parameters = {}
              Headers = [Content-Type:"multipart/form-data;charset=UTF-8"]
                 Body = null
        Session Attrs = {}

    Handler:
                 Type = uk.gov.justice.laa.claimforpayment.controller.ClaimController
               Method = uk.gov.justice.laa.claimforpayment.controller.ClaimController#uploadClaimEvidence(Long, MultipartFile)

    Async:
        Async started = false
         Async result = null

    Resolved Exception:
                 Type = null

    ModelAndView:
            View name = null
                 View = null
                Model = null

    FlashMap:
           Attributes = null

    MockHttpServletResponse:
               Status = 400
        Error message = null
              Headers = [Content-Type:"application/json", X-Content-Type-Options:"nosniff", X-XSS-Protection:"0", Cache-Control:"no-cache, no-store, max-age=0, must-revalidate", Pragma:"no-cache", Expires:"0", X-Frame-Options:"DENY"]
         Content type = application/json
                 Body = {"error":{"message":"Failed to upload file: Upstream timeout"},"file":{"filename":"file1.pdf","originalname":"file1.pdf"}}
        Forwarded URL = null
       Redirected URL = null
              Cookies = []
[0K[1muk.gov.justice.laa.claimforpayment.controller.ClaimControllerIntegrationTest[m

[0K[1m  Test [22mshouldAddEvidenceToClaim()[31m FAILED[31m

  java.lang.AssertionError: Status expected:<201> but was:<400>
      at uk.gov.justice.laa.claimforpayment.controller.ClaimControllerIntegrationTest.shouldAddEvidenceToClaim(ClaimControllerIntegrationTest.java:206)
[m

ClaimControllerIntegrationTest > shouldAddEvidenceToClaim() FAILED
    java.lang.AssertionError: Status expected:<201> but was:<400>
        at org.springframework.test.util.AssertionErrors.fail(AssertionErrors.java:62)
        at org.springframework.test.util.AssertionErrors.assertEquals(AssertionErrors.java:129)
        at org.springframework.test.web.servlet.result.StatusResultMatchers.lambda$matcher$0(StatusResultMatchers.java:600)
        at org.springframework.test.web.servlet.MockMvc$1.andExpect(MockMvc.java:212)
        at uk.gov.justice.laa.claimforpayment.controller.ClaimControllerIntegrationTest.shouldAddEvidenceToClaim(ClaimControllerIntegrationTest.java:206)

2026-05-15T15:53:38.986+01:00  INFO 73021 --- [LAA Claim for Payment] [ionShutdownHook] org.eclipse.jetty.server.Server          : Shutdown oejs.Server@355c2b72{STOPPING}[12.1.8,sto=1000]
2026-05-15T15:53:38.992+01:00  INFO 73021 --- [LAA Claim for Payment] [ionShutdownHook] o.e.jetty.server.AbstractConnector       : Stopped oejs.NetworkTrafficServerConnector@173e960b{HTTP/1.1, (http/1.1, h2c)}{0.0.0.0:0}
2026-05-15T15:53:38.994+01:00  INFO 73021 --- [LAA Claim for Payment] [ionShutdownHook] o.e.j.e.servlet.ServletContextHandler    : Stopped oeje10s.ServletContextHandler@5df9d890{ROOT,/,b=null,a=AVAILABLE,h=oeje10s.ServletHandler@6b3b9a19{STOPPED}}
2026-05-15T15:53:38.994+01:00  INFO 73021 --- [LAA Claim for Payment] [ionShutdownHook] o.e.j.e.servlet.ServletContextHandler    : Stopped oeje10s.ServletContextHandler@3096a890{/__admin,/__admin,b=null,a=AVAILABLE,h=oeje10s.ServletHandler@569b57c4{STOPPED}}
2026-05-15T15:53:38.996+01:00  INFO 73021 --- [LAA Claim for Payment] [ionShutdownHook] o.s.boot.tomcat.GracefulShutdown         : Commencing graceful shutdown. Waiting for active requests to complete
2026-05-15T15:53:41.005+01:00  INFO 73021 --- [LAA Claim for Payment] [tomcat-shutdown] o.s.boot.tomcat.GracefulShutdown         : Graceful shutdown complete
2026-05-15T15:53:41.006+01:00  INFO 73021 --- [LAA Claim for Payment] [ionShutdownHook] reMockServerCreator civil-claims-service : Stopping WireMockServer with name 'civil-claims-service'
2026-05-15T15:53:41.007+01:00  INFO 73021 --- [LAA Claim for Payment] [ionShutdownHook] o.s.boot.tomcat.GracefulShutdown         : Commencing graceful shutdown. Waiting for active requests to complete
2026-05-15T15:53:43.011+01:00  INFO 73021 --- [LAA Claim for Payment] [tomcat-shutdown] o.s.boot.tomcat.GracefulShutdown         : Graceful shutdown complete

> Task :claim-for-payment-service:integrationTest FAILED

[0K[1;31mFAILURE: [39mExecuted 1 tests in 13.6s (1 failed)[m


1 test completed, 1 failed
Generating HTML test report...
Finished generating test html results (0.026 secs) into: /Users/adam.coles/laa-workspace/laa-claim-for-payment/claim-for-payment-service/build/reports/tests/integrationTest
Finished generating test XML results (0.002 secs) into: /Users/adam.coles/laa-workspace/laa-claim-for-payment/claim-for-payment-service/build/test-results/integrationTest

FAILURE: Build failed with an exception.

* What went wrong:
Execution failed for task ':claim-for-payment-service:integrationTest'.
> There were failing tests. See the report at: file:///Users/adam.coles/laa-workspace/laa-claim-for-payment/claim-for-payment-service/build/reports/tests/integrationTest/index.html

* Try:
> Run with --scan to get full insights from a Build Scan (powered by Develocity).

BUILD FAILED in 16s
13 actionable tasks: 5 executed, 8 up-to-date
Watched directory hierarchies: [/Users/adam.coles/laa-workspace/laa-claim-for-payment]
